[INFO] Scanning for projects...
[INFO] Loaded 24037 auto-discovered prefixes for remote repository central (prefixes-central.txt)
[INFO] 
[INFO] ----------------< com.example.carlos:inventory-service >----------------
[INFO] Building  0.0.1-SNAPSHOT
[INFO]   from pom.xml
[INFO] --------------------------------[ jar ]---------------------------------
[INFO] 
[INFO] >>> spring-boot:4.1.1:run (default-cli) > test-compile @ inventory-service >>>
[INFO] Loaded 24037 auto-discovered prefixes for remote repository maven-central (prefixes-maven-central.txt)
[WARNING] Could not transfer metadata /.meta/prefixes.txt from/to flyway-community-db-support (https://maven.pkg.github.com/flyway/flyway-community-db-support): HTTP Status: 401
[WARNING] Could not transfer metadata /.meta/prefixes.txt from/to MavenFeed (https://red-gate.pkgs.visualstudio.com/MavenFeed/_packaging/MavenFeed/maven/v1/): HTTP Status: 401
[INFO] 
[INFO] --- resources:3.5.0:resources (default-resources) @ inventory-service ---
[INFO] Copying 1 resource from src/main/resources to target/classes
[INFO] Copying 2 resources from src/main/resources to target/classes
[INFO] 
[INFO] --- compiler:3.15.0:compile (default-compile) @ inventory-service ---
[INFO] Loaded 74 auto-discovered prefixes for remote repository apache.snapshots (prefixes-apache.snapshots.txt)
[INFO] Nothing to compile - all classes are up to date.
[INFO] 
[INFO] --- resources:3.5.0:testResources (default-testResources) @ inventory-service ---
[INFO] skip non existing resourceDirectory /home/carloseduardo/Desktop/pastaProjetosGit/java/java-ms/inventory-service/src/test/resources
[INFO] 
[INFO] --- compiler:3.15.0:testCompile (default-testCompile) @ inventory-service ---
[INFO] Nothing to compile - all classes are up to date.
[INFO] 
[INFO] <<< spring-boot:4.1.1:run (default-cli) < test-compile @ inventory-service <<<
[INFO] 
[INFO] 
[INFO] --- spring-boot:4.1.1:run (default-cli) @ inventory-service ---
[INFO] Loaded 50 auto-discovered prefixes for remote repository ow2-snapshot (prefixes-ow2-snapshot.txt)
[INFO] Attaching agents: []

  .   ____          _            __ _ _
 /\\ / ___'_ __ _ _(_)_ __  __ _ \ \ \ \
( ( )\___ | '_ | '_| | '_ \/ _` | \ \ \ \
 \\/  ___)| |_)| | | | | || (_| |  ) ) ) )
  '  |____| .__|_| |_|_| |_\__, | / / / /
 =========|_|==============|___/=/_/_/_/

 :: Spring Boot ::                (v4.1.1)

2026-10-09T10:17:17.430-03:00  INFO 60788 --- [inventory-service] [           main] c.e.c.i.InventoryServiceApplication      : Starting InventoryServiceApplication using Java 21.0.12 with PID 60788 (/home/carloseduardo/Desktop/pastaProjetosGit/java/java-ms/inventory-service/target/classes started by carloseduardo in /home/carloseduardo/Desktop/pastaProjetosGit/java/java-ms/inventory-service)
2026-10-09T10:17:17.436-03:00  INFO 60788 --- [inventory-service] [           main] c.e.c.i.InventoryServiceApplication      : No active profile set, falling back to 1 default profile: "default"
2026-10-09T10:17:18.376-03:00  INFO 60788 --- [inventory-service] [           main] .s.d.r.c.RepositoryConfigurationDelegate : Bootstrapping Spring Data JPA repositories in DEFAULT mode.
2026-10-09T10:17:18.442-03:00  INFO 60788 --- [inventory-service] [           main] .s.d.r.c.RepositoryConfigurationDelegate : Finished Spring Data repository scanning in 54 ms. Found 2 JPA repository interfaces.
2026-10-09T10:17:18.990-03:00  INFO 60788 --- [inventory-service] [           main] o.s.boot.tomcat.TomcatWebServer          : Tomcat initialized with port 8081 (http)
2026-10-09T10:17:19.056-03:00  INFO 60788 --- [inventory-service] [           main] b.w.c.s.WebApplicationContextInitializer : Root WebApplicationContext: initialization completed in 1538 ms
2026-10-09T10:17:19.340-03:00  INFO 60788 --- [inventory-service] [           main] com.zaxxer.hikari.HikariDataSource       : HikariPool-1 - Starting...
2026-10-09T10:17:19.516-03:00  INFO 60788 --- [inventory-service] [           main] com.zaxxer.hikari.pool.HikariPool        : HikariPool-1 - Added connection org.postgresql.jdbc.PgConnection@2fe2965c
2026-10-09T10:17:19.524-03:00  INFO 60788 --- [inventory-service] [           main] com.zaxxer.hikari.HikariDataSource       : HikariPool-1 - Start completed.
2026-10-09T10:17:19.565-03:00  INFO 60788 --- [inventory-service] [           main] org.flywaydb.core.FlywayExecutor         : Database: jdbc:postgresql://localhost:5433/inventory_db (PostgreSQL 16.14)
2026-10-09T10:17:19.676-03:00  INFO 60788 --- [inventory-service] [           main] o.f.core.internal.command.DbValidate     : Successfully validated 2 migrations (execution time 00:00.045s)
2026-10-09T10:17:19.705-03:00  INFO 60788 --- [inventory-service] [           main] o.f.core.internal.command.DbMigrate      : Current version of schema "public": 2
2026-10-09T10:17:19.711-03:00  INFO 60788 --- [inventory-service] [           main] o.f.core.internal.command.DbMigrate      : Schema "public" is up to date. No migration necessary.
2026-10-09T10:17:19.810-03:00  INFO 60788 --- [inventory-service] [           main] org.hibernate.orm.jpa                    : HHH008540: Processing PersistenceUnitInfo [name: default]
2026-10-09T10:17:19.862-03:00  INFO 60788 --- [inventory-service] [           main] org.hibernate.orm.core                   : HHH000001: Hibernate ORM core version 7.4.5.Final
2026-10-09T10:17:20.331-03:00  INFO 60788 --- [inventory-service] [           main] o.s.o.j.p.SpringPersistenceUnitInfo      : No LoadTimeWeaver setup: ignoring JPA class transformer
2026-10-09T10:17:20.408-03:00  WARN 60788 --- [inventory-service] [           main] org.hibernate.orm.deprecation            : HHH90000025: PostgreSQLDialect does not need to be specified explicitly using 'hibernate.dialect' (remove the property setting and it will be selected by default)
2026-10-09T10:17:20.433-03:00  INFO 60788 --- [inventory-service] [           main] org.hibernate.orm.connections.pooling    : HHH10001005: Database info:
	Database JDBC URL [jdbc:postgresql://localhost:5433/inventory_db]
	Database driver: PostgreSQL JDBC Driver
	Database dialect: PostgreSQLDialect
	Database version: 16.14
	Default catalog/schema: inventory_db/public
	Autocommit mode: undefined/unknown
	Isolation level: READ_COMMITTED [default READ_COMMITTED]
	JDBC fetch size: none
	Pool: DataSourceConnectionProvider
	Minimum pool size: undefined/unknown
	Maximum pool size: undefined/unknown
2026-10-09T10:17:21.299-03:00  INFO 60788 --- [inventory-service] [           main] org.hibernate.orm.core                   : HHH000489: No JTA platform available (set 'hibernate.transaction.jta.platform' to enable JTA platform integration)
2026-10-09T10:17:21.365-03:00  INFO 60788 --- [inventory-service] [           main] j.LocalContainerEntityManagerFactoryBean : Initialized JPA EntityManagerFactory for persistence unit 'default'
2026-10-09T10:17:21.461-03:00  INFO 60788 --- [inventory-service] [           main] o.s.d.j.r.query.QueryEnhancerFactories   : Hibernate is in classpath; If applicable, HQL parser will be used.
2026-10-09T10:17:21.623-03:00  WARN 60788 --- [inventory-service] [           main] JpaBaseConfiguration$JpaWebConfiguration : spring.jpa.open-in-view is enabled by default. Therefore, database queries may be performed during view rendering. Explicitly configure spring.jpa.open-in-view to disable this warning
2026-10-09T10:17:22.006-03:00  INFO 60788 --- [inventory-service] [           main] o.s.boot.tomcat.TomcatWebServer          : Tomcat started on port 8081 (http) with context path '/'
2026-10-09T10:17:22.014-03:00  INFO 60788 --- [inventory-service] [           main] c.e.c.i.InventoryServiceApplication      : Started InventoryServiceApplication in 5.169 seconds (process running for 5.567)
2026-10-09T10:17:22.017-03:00  INFO 60788 --- [inventory-service] [ionShutdownHook] o.s.boot.tomcat.GracefulShutdown         : Commencing graceful shutdown. Waiting for active requests to complete
2026-10-09T10:17:22.019-03:00  INFO 60788 --- [inventory-service] [tomcat-shutdown] o.s.boot.tomcat.GracefulShutdown         : Graceful shutdown complete
2026-10-09T10:17:22.023-03:00  INFO 60788 --- [inventory-service] [ionShutdownHook] j.LocalContainerEntityManagerFactoryBean : Closing JPA EntityManagerFactory for persistence unit 'default'
2026-10-09T10:17:22.027-03:00  INFO 60788 --- [inventory-service] [ionShutdownHook] com.zaxxer.hikari.HikariDataSource       : HikariPool-1 - Shutdown initiated...
2026-10-09T10:17:22.030-03:00  INFO 60788 --- [inventory-service] [ionShutdownHook] com.zaxxer.hikari.HikariDataSource       : HikariPool-1 - Shutdown completed.
